C:/TouchGFXProjects/Oscyloskop_v1/Core/Src/main.c:973:6:StartDefaultTask	8	static
C:/TouchGFXProjects/Oscyloskop_v1/Core/Src/main.c:279:6:SystemClock_Config	96	static
C:/TouchGFXProjects/Oscyloskop_v1/Core/Src/main.c:132:5:main	248	static
C:/TouchGFXProjects/Oscyloskop_v1/Core/Src/main.c:940:6:HAL_ADC_ConvCpltCallback	8	static
C:/TouchGFXProjects/Oscyloskop_v1/Core/Src/main.c:992:6:HAL_TIM_PeriodElapsedCallback	0	static
C:/TouchGFXProjects/Oscyloskop_v1/Core/Src/main.c:1010:6:Error_Handler	0	static
