C:/TouchGFXProjects/Oscyloskop_v1/Core/Src/stm32f4xx_hal_msp.c:64:6:HAL_MspInit	8	static
C:/TouchGFXProjects/Oscyloskop_v1/Core/Src/stm32f4xx_hal_msp.c:89:6:HAL_ADC_MspInit	48	static
C:/TouchGFXProjects/Oscyloskop_v1/Core/Src/stm32f4xx_hal_msp.c:143:6:HAL_ADC_MspDeInit	0	static
C:/TouchGFXProjects/Oscyloskop_v1/Core/Src/stm32f4xx_hal_msp.c:188:6:HAL_CRC_MspInit	8	static
C:/TouchGFXProjects/Oscyloskop_v1/Core/Src/stm32f4xx_hal_msp.c:211:6:HAL_CRC_MspDeInit	0	static
C:/TouchGFXProjects/Oscyloskop_v1/Core/Src/stm32f4xx_hal_msp.c:233:6:HAL_DMA2D_MspInit	16	static
C:/TouchGFXProjects/Oscyloskop_v1/Core/Src/stm32f4xx_hal_msp.c:259:6:HAL_DMA2D_MspDeInit	0	static
C:/TouchGFXProjects/Oscyloskop_v1/Core/Src/stm32f4xx_hal_msp.c:284:6:HAL_DSI_MspInit	40	static
C:/TouchGFXProjects/Oscyloskop_v1/Core/Src/stm32f4xx_hal_msp.c:323:6:HAL_DSI_MspDeInit	8	static
C:/TouchGFXProjects/Oscyloskop_v1/Core/Src/stm32f4xx_hal_msp.c:353:6:HAL_I2C_MspInit	48	static
C:/TouchGFXProjects/Oscyloskop_v1/Core/Src/stm32f4xx_hal_msp.c:397:6:HAL_I2C_MspDeInit	8	static
C:/TouchGFXProjects/Oscyloskop_v1/Core/Src/stm32f4xx_hal_msp.c:428:6:HAL_LTDC_MspInit	72	static
C:/TouchGFXProjects/Oscyloskop_v1/Core/Src/stm32f4xx_hal_msp.c:467:6:HAL_LTDC_MspDeInit	0	static
C:/TouchGFXProjects/Oscyloskop_v1/Core/Src/stm32f4xx_hal_msp.c:492:6:HAL_QSPI_MspInit	56	static
C:/TouchGFXProjects/Oscyloskop_v1/Core/Src/stm32f4xx_hal_msp.c:548:6:HAL_QSPI_MspDeInit	8	static
C:/TouchGFXProjects/Oscyloskop_v1/Core/Src/stm32f4xx_hal_msp.c:584:6:HAL_TIM_Base_MspInit	16	static
C:/TouchGFXProjects/Oscyloskop_v1/Core/Src/stm32f4xx_hal_msp.c:610:6:HAL_TIM_Base_MspDeInit	0	static
C:/TouchGFXProjects/Oscyloskop_v1/Core/Src/stm32f4xx_hal_msp.c:765:6:HAL_SDRAM_MspInit	48	static
C:/TouchGFXProjects/Oscyloskop_v1/Core/Src/stm32f4xx_hal_msp.c:874:6:HAL_SDRAM_MspDeInit	8	static
